{
  "AAPL": 297.01,
  "NVDA": 208.65,
  "TSLA": 405.05,
  "GC=F": 4132.2
}